9/30/2025 20:59:20[logT:OUT]:	Stack begin
9/30/2025 20:59:20[logT:OUT]:	SomeTerminalGame Version 1.7.9.4.test_build codename "Return" build 54698 - Compiled Sat Sep 13 21:00:42 2025 local time (1757797577 unix time) with MSVC Version 19.44.5214
9/30/2025 20:59:20[logT:OUT]:	registry: write cached string data: Color="03"
9/30/2025 20:59:20[logT:OUT]:	registry: read REG_SZ: REGISTRY\HKEY_CURRENT_USER\Software\SomeTerminalGame\Color="03"
9/30/2025 20:59:20[logT:OUT]:	registry: read REG_DWORD: REGISTRY\HKEY_CURRENT_USER\Software\SomeTerminalGame\SuppressSplashMessage=0
9/30/2025 20:59:20[logT:OUT]:	registry: read REG_DWORD: REGISTRY\HKEY_CURRENT_USER\Software\SomeTerminalGame\DumpstackOnCrash=1
9/30/2025 20:59:20[logT:OUT]:	registry: read REG_DWORD: REGISTRY\HKEY_CURRENT_USER\Software\SomeTerminalGame\alwaysDebug=1
9/30/2025 20:59:20[logT:OUT]:	Startup finished!
9/30/2025 20:59:20[logT:OUT]:	registry: read cached string data: Color="03"
9/30/2025 20:59:22[logT:OUT]:	registry: read cached string data: Color="03"
9/30/2025 20:59:24[logT:OUT]:	registry: read cached string data: Color="03"
9/30/2025 20:59:24[logT:OUT]:	registry: read cached string data: Color="03"
9/30/2025 20:59:25[logT:OUT]:	registry: read cached string data: Color="03"
9/30/2025 20:59:25[logT:OUT]:	registry: read cached string data: Color="03"
9/30/2025 20:59:25[logT:OUT]:	registry: read cached string data: Color="03"
9/30/2025 20:59:26[logT:OUT]:	registry: read cached string data: Color="03"
9/30/2025 20:59:27[logT:OUT]:	registry: read cached string data: Color="03"
9/30/2025 20:59:27[logT:OUT]:	registry: read cached string data: Color="03"
9/30/2025 20:59:27[logT:OUT]:	registry: read cached string data: Color="03"
9/30/2025 20:59:27[logT:OUT]:	registry: read cached string data: Color="03"
9/30/2025 20:59:27[logT:OUT]:	registry: read cached string data: Color="03"
9/30/2025 20:59:28[logT:OUT]:	registry: read cached string data: Color="03"
9/30/2025 20:59:28[logT:OUT]:	registry: read cached string data: Color="03"
9/30/2025 20:59:28[logT:OUT]:	registry: read cached string data: Color="03"
9/30/2025 20:59:29[logT:OUT]:	registry: read cached string data: Color="03"
9/30/2025 20:59:29[logT:OUT]:	registry: read cached string data: Color="03"
9/30/2025 20:59:29[logT:OUT]:	registry: read cached string data: Color="03"
9/30/2025 20:59:45[logT:OUT]:	registry: read cached string data: Color="03"
9/30/2025 20:59:46[logT:OUT]:	registry: read cached string data: Color="03"
9/30/2025 20:59:46[logT:OUT]:	registry: read cached string data: Color="03"
9/30/2025 20:59:47[logT:OUT]:	registry: read cached string data: Color="03"
9/30/2025 20:59:47[logT:OUT]:	registry: read cached string data: Color="03"
9/30/2025 20:59:47[logT:OUT]:	registry: read cached string data: Color="03"
9/30/2025 20:59:48[logT:OUT]:	registry: read REG_DWORD: REGISTRY\HKEY_CURRENT_USER\Software\SomeTerminalGame\SuppressSplashMessage=0
9/30/2025 20:59:48[logT:OUT]:	registry: read REG_DWORD: REGISTRY\HKEY_CURRENT_USER\Software\SomeTerminalGame\DumpstackOnCrash=1
9/30/2025 20:59:48[logT:OUT]:	registry: read cached string data: Color="03"
9/30/2025 20:59:48[logT:OUT]:	registry: read cached string data: Color="03"
9/30/2025 20:59:49[logT:OUT]:	registry: read cached string data: Color="03"
9/30/2025 20:59:51[logT:OUT]:	registry: read cached string data: Color="03"
9/30/2025 20:59:51[logT:OUT]:	registry: read cached string data: Color="03"
9/30/2025 20:59:52[logT:OUT]:	registry: read cached string data: Color="03"
9/30/2025 20:59:54[logT:OUT]:	registry: read REG_DWORD: REGISTRY\HKEY_CURRENT_USER\Software\SomeTerminalGame\alwaysDebug=1
9/30/2025 20:59:54[logT:OUT]:	registry: read REG_DWORD: REGISTRY\HKEY_CURRENT_USER\Software\SomeTerminalGame\alwaysLogfile=1
9/30/2025 20:59:54[logT:OUT]:	registry: read REG_DWORD: REGISTRY\HKEY_CURRENT_USER\Software\SomeTerminalGame\useRegistryCache=1
9/30/2025 20:59:54[logT:OUT]:	registry: read cached string data: Color="03"
9/30/2025 20:59:55[logT:OUT]:	registry: read cached string data: Color="03"
9/30/2025 20:59:56[logT:OUT]:	registry: read cached string data: Color="03"
9/30/2025 20:59:57[logT:OUT]:	registry: read cached string data: Color="03"
9/30/2025 20:59:57[logT:OUT]:	registry: read cached string data: Color="03"
9/30/2025 20:59:58[logT:OUT]:	registry: read cached string data: Color="03"
9/30/2025 20:59:59[logT:OUT]:	registry: read cached string data: Color="03"
9/30/2025 20:59:59[logT:OUT]:	registry: read cached string data: Color="03"
9/30/2025 21:00:00[logT:OUT]:	registry: read cached string data: Color="03"
9/30/2025 21:00:00[logT:OUT]:	registry: read cached string data: Color="03"
9/30/2025 21:00:00[logT:OUT]:	registry: read cached string data: Color="03"
9/30/2025 21:00:01[logT:OUT]:	registry: read cached string data: Color="03"
9/30/2025 21:00:01[logT:OUT]:	registry: read cached string data: Color="03"
9/30/2025 21:00:02[logT:OUT]:	registry: read cached string data: Color="03"
9/30/2025 21:00:03[logT:OUT]:	registry: read cached string data: Color="03"
9/30/2025 21:00:09[logT:OUT]:	registry: read cached string data: Color="03"
9/30/2025 21:00:10[logT:OUT]:	registry: read cached string data: Color="03"
9/30/2025 21:00:12[logT:OUT]:	registry: read cached string data: Color="03"
9/30/2025 21:00:12[logT:OUT]:	registry: read cached string data: Color="03"
9/30/2025 21:00:13[logT:OUT]:	registry: read cached string data: Color="03"
9/30/2025 21:00:13[logT:OUT]:	registry: read cached string data: Color="03"
9/30/2025 21:00:14[logT:OUT]:	registry: read cached string data: Color="03"
9/30/2025 21:00:15[logT:OUT]:	Stack end

9/30/2025 21:00:15[logT:OUT]:	registry: flushed cache
9/30/2025 21:04:59[logT:OUT]:	Stack begin
9/30/2025 21:04:59[logT:OUT]:	SomeTerminalGame Version 1.7.9.4.test_build codename "Return" build 54698 - Compiled Sat Sep 13 21:00:42 2025 local time (1757797577 unix time) with MSVC Version 19.44.5214
9/30/2025 21:04:59[logT:OUT]:	registry: write cached string data: Color="03"
9/30/2025 21:04:59[logT:OUT]:	registry: read REG_SZ: REGISTRY\HKEY_CURRENT_USER\Software\SomeTerminalGame\Color="03"
9/30/2025 21:04:59[logT:OUT]:	registry: read REG_DWORD: REGISTRY\HKEY_CURRENT_USER\Software\SomeTerminalGame\SuppressSplashMessage=0
9/30/2025 21:04:59[logT:OUT]:	registry: read REG_DWORD: REGISTRY\HKEY_CURRENT_USER\Software\SomeTerminalGame\DumpstackOnCrash=1
9/30/2025 21:04:59[logT:OUT]:	registry: read REG_DWORD: REGISTRY\HKEY_CURRENT_USER\Software\SomeTerminalGame\alwaysDebug=1
9/30/2025 21:04:59[logT:OUT]:	Startup finished!
9/30/2025 21:04:59[logT:OUT]:	registry: read cached string data: Color="03"
9/30/2025 21:05:00[logT:OUT]:	registry: read cached string data: Color="03"
9/30/2025 21:05:00[logT:OUT]:	registry: read cached string data: Color="03"
9/30/2025 21:05:00[logT:OUT]:	Stack end

9/30/2025 21:05:00[logT:OUT]:	registry: flushed cache
9/30/2025 21:05:04[logT:OUT]:	Stack begin
9/30/2025 21:05:04[logT:OUT]:	SomeTerminalGame Version 1.7.9.4.test_build codename "Return" build 54698 - Compiled Sat Sep 13 21:00:42 2025 local time (1757797577 unix time) with MSVC Version 19.44.5214
9/30/2025 21:05:04[logT:OUT]:	registry: write cached string data: Color="03"
9/30/2025 21:05:04[logT:OUT]:	registry: read REG_SZ: REGISTRY\HKEY_CURRENT_USER\Software\SomeTerminalGame\Color="03"
9/30/2025 21:05:04[logT:OUT]:	registry: read REG_DWORD: REGISTRY\HKEY_CURRENT_USER\Software\SomeTerminalGame\SuppressSplashMessage=0
9/30/2025 21:05:04[logT:OUT]:	registry: read REG_DWORD: REGISTRY\HKEY_CURRENT_USER\Software\SomeTerminalGame\DumpstackOnCrash=1
9/30/2025 21:05:04[logT:OUT]:	registry: read REG_DWORD: REGISTRY\HKEY_CURRENT_USER\Software\SomeTerminalGame\alwaysDebug=1
9/30/2025 21:05:04[logT:OUT]:	Startup finished!
9/30/2025 21:05:04[logT:OUT]:	using debug console
9/30/2025 21:05:20[logT:INTURRUPT]:	Recived signal inturrupt: SIGABRT
9/30/2025 21:05:20[logT:FATAL]:	Fatal error initated. See FATAL.log for more information.
9/30/2025 21:19:24[logT:EXIT]:	Fatal exit for SomeTerminalGame Version 1.7.9.4.test_build codename "Return" build 54698 - Compiled Sat Sep 13 21:00:42 2025 local time (1757797577 unix time) with MSVC Version 19.44.5214 located at D:\Personal\C\some_terminal_game\src\bin

9/30/2025 21:24:33[logT:OUT]:	Stack begin
9/30/2025 21:24:33[logT:OUT]:	SomeTerminalGame Version 1.7.9.4.test_build codename "Return" build 54698 - Compiled Sat Sep 13 21:00:42 2025 local time (1757797577 unix time) with MSVC Version 19.44.5214
9/30/2025 21:24:33[logT:OUT]:	registry: write cached string data: Color="03"
9/30/2025 21:24:33[logT:OUT]:	registry: read REG_SZ: REGISTRY\HKEY_CURRENT_USER\Software\SomeTerminalGame\Color="03"
9/30/2025 21:24:33[logT:OUT]:	registry: read REG_DWORD: REGISTRY\HKEY_CURRENT_USER\Software\SomeTerminalGame\SuppressSplashMessage=0
9/30/2025 21:24:33[logT:OUT]:	registry: read REG_DWORD: REGISTRY\HKEY_CURRENT_USER\Software\SomeTerminalGame\DumpstackOnCrash=1
9/30/2025 21:24:33[logT:OUT]:	registry: read REG_DWORD: REGISTRY\HKEY_CURRENT_USER\Software\SomeTerminalGame\alwaysDebug=1
9/30/2025 21:24:33[logT:OUT]:	Startup finished!
9/30/2025 21:24:33[logT:OUT]:	using debug console
9/30/2025 21:24:38[logT:OUT]:	Stack begin
9/30/2025 21:24:38[logT:OUT]:	SomeTerminalGame Version 1.7.9.4.test_build codename "Return" build 54698 - Compiled Sat Sep 13 21:00:42 2025 local time (1757797577 unix time) with MSVC Version 19.44.5214
9/30/2025 21:24:38[logT:OUT]:	registry: write cached string data: Color="03"
9/30/2025 21:24:38[logT:OUT]:	registry: read REG_SZ: REGISTRY\HKEY_CURRENT_USER\Software\SomeTerminalGame\Color="03"
9/30/2025 21:24:38[logT:OUT]:	registry: read REG_DWORD: REGISTRY\HKEY_CURRENT_USER\Software\SomeTerminalGame\SuppressSplashMessage=0
9/30/2025 21:24:38[logT:OUT]:	registry: read REG_DWORD: REGISTRY\HKEY_CURRENT_USER\Software\SomeTerminalGame\DumpstackOnCrash=1
9/30/2025 21:24:38[logT:OUT]:	registry: read REG_DWORD: REGISTRY\HKEY_CURRENT_USER\Software\SomeTerminalGame\alwaysDebug=1
9/30/2025 21:24:38[logT:OUT]:	Startup finished!
9/30/2025 21:24:38[logT:OUT]:	using debug console
9/30/2025 21:27:34[logT:OUT]:	Stack begin
9/30/2025 21:27:34[logT:OUT]:	SomeTerminalGame Version 1.7.9.4.test_build codename "Return" build 54698 - Compiled Sat Sep 13 21:00:42 2025 local time (1757797577 unix time) with MSVC Version 19.44.5214
9/30/2025 21:27:34[logT:OUT]:	registry: write cached string data: Color="03"
9/30/2025 21:27:34[logT:OUT]:	registry: read REG_SZ: REGISTRY\HKEY_CURRENT_USER\Software\SomeTerminalGame\Color="03"
9/30/2025 21:27:34[logT:OUT]:	registry: read REG_DWORD: REGISTRY\HKEY_CURRENT_USER\Software\SomeTerminalGame\SuppressSplashMessage=0
9/30/2025 21:27:34[logT:OUT]:	registry: read REG_DWORD: REGISTRY\HKEY_CURRENT_USER\Software\SomeTerminalGame\DumpstackOnCrash=1
9/30/2025 21:27:34[logT:OUT]:	registry: read REG_DWORD: REGISTRY\HKEY_CURRENT_USER\Software\SomeTerminalGame\alwaysDebug=1
9/30/2025 21:27:34[logT:OUT]:	Startup finished!
9/30/2025 21:27:34[logT:OUT]:	registry: read cached string data: Color="03"
9/30/2025 21:27:36[logT:OUT]:	registry: read cached string data: Color="03"
9/30/2025 21:27:36[logT:OUT]:	registry: read cached string data: Color="03"
9/30/2025 21:27:37[logT:OUT]:	Stack end

9/30/2025 21:27:37[logT:OUT]:	registry: flushed cache
9/30/2025 21:27:39[logT:OUT]:	Stack begin
9/30/2025 21:27:40[logT:OUT]:	SomeTerminalGame Version 1.7.9.4.test_build codename "Return" build 54698 - Compiled Sat Sep 13 21:00:42 2025 local time (1757797577 unix time) with MSVC Version 19.44.5214
9/30/2025 21:27:40[logT:OUT]:	registry: write cached string data: Color="03"
9/30/2025 21:27:40[logT:OUT]:	registry: read REG_SZ: REGISTRY\HKEY_CURRENT_USER\Software\SomeTerminalGame\Color="03"
9/30/2025 21:27:40[logT:OUT]:	registry: read REG_DWORD: REGISTRY\HKEY_CURRENT_USER\Software\SomeTerminalGame\SuppressSplashMessage=0
9/30/2025 21:27:40[logT:OUT]:	registry: read REG_DWORD: REGISTRY\HKEY_CURRENT_USER\Software\SomeTerminalGame\DumpstackOnCrash=1
9/30/2025 21:27:40[logT:OUT]:	registry: read REG_DWORD: REGISTRY\HKEY_CURRENT_USER\Software\SomeTerminalGame\alwaysDebug=1
9/30/2025 21:27:40[logT:OUT]:	Startup finished!
9/30/2025 21:27:40[logT:OUT]:	using debug console
9/30/2025 21:27:45[logT:FATAL]:	Fatal error initated. See FATAL.log for more information.
9/30/2025 21:28:32[logT:EXIT]:	Fatal exit for SomeTerminalGame Version 1.7.9.4.test_build codename "Return" build 54698 - Compiled Sat Sep 13 21:00:42 2025 local time (1757797577 unix time) with MSVC Version 19.44.5214 located at D:\Personal\C\some_terminal_game\src\bin

9/30/2025 21:28:38[logT:OUT]:	Stack begin
9/30/2025 21:28:38[logT:OUT]:	SomeTerminalGame Version 1.7.9.4.test_build codename "Return" build 54698 - Compiled Sat Sep 13 21:00:42 2025 local time (1757797577 unix time) with MSVC Version 19.44.5214
9/30/2025 21:28:38[logT:OUT]:	registry: write cached string data: Color="03"
9/30/2025 21:28:38[logT:OUT]:	registry: read REG_SZ: REGISTRY\HKEY_CURRENT_USER\Software\SomeTerminalGame\Color="03"
9/30/2025 21:28:38[logT:OUT]:	registry: read REG_DWORD: REGISTRY\HKEY_CURRENT_USER\Software\SomeTerminalGame\SuppressSplashMessage=0
9/30/2025 21:28:38[logT:OUT]:	registry: read REG_DWORD: REGISTRY\HKEY_CURRENT_USER\Software\SomeTerminalGame\DumpstackOnCrash=1
9/30/2025 21:28:38[logT:OUT]:	registry: read REG_DWORD: REGISTRY\HKEY_CURRENT_USER\Software\SomeTerminalGame\alwaysDebug=1
9/30/2025 21:28:38[logT:OUT]:	Startup finished!
9/30/2025 21:28:38[logT:OUT]:	registry: read cached string data: Color="03"
9/30/2025 21:28:39[logT:OUT]:	registry: read cached string data: Color="03"
9/30/2025 21:28:41[logT:OUT]:	registry: read cached string data: Color="03"
9/30/2025 21:28:41[logT:OUT]:	registry: read REG_DWORD: REGISTRY\HKEY_CURRENT_USER\Software\SomeTerminalGame\SuppressSplashMessage=0
9/30/2025 21:28:41[logT:OUT]:	registry: read REG_DWORD: REGISTRY\HKEY_CURRENT_USER\Software\SomeTerminalGame\DumpstackOnCrash=1
9/30/2025 21:28:41[logT:OUT]:	registry: read cached string data: Color="03"
9/30/2025 21:28:42[logT:OUT]:	registry: read cached string data: Color="03"
9/30/2025 21:28:43[logT:OUT]:	registry: read cached string data: Color="03"
9/30/2025 21:28:43[logT:OUT]:	registry: read cached string data: Color="03"
9/30/2025 21:28:44[logT:OUT]:	registry: read REG_DWORD: REGISTRY\HKEY_CURRENT_USER\Software\SomeTerminalGame\alwaysDebug=1
9/30/2025 21:28:44[logT:OUT]:	registry: read REG_DWORD: REGISTRY\HKEY_CURRENT_USER\Software\SomeTerminalGame\alwaysLogfile=1
9/30/2025 21:28:44[logT:OUT]:	registry: read REG_DWORD: REGISTRY\HKEY_CURRENT_USER\Software\SomeTerminalGame\useRegistryCache=1
9/30/2025 21:28:44[logT:OUT]:	registry: read cached string data: Color="03"
9/30/2025 21:28:49[logT:OUT]:	registry: read cached string data: Color="03"
9/30/2025 21:28:50[logT:OUT]:	registry: read cached string data: Color="03"
9/30/2025 21:28:51[logT:OUT]:	registry: read cached string data: Color="03"
9/30/2025 21:28:52[logT:OUT]:	registry: read cached string data: Color="03"
9/30/2025 21:28:53[logT:OUT]:	registry: read cached string data: Color="03"
9/30/2025 21:28:53[logT:OUT]:	registry: read cached string data: Color="03"
9/30/2025 21:28:54[logT:OUT]:	registry: read cached string data: Color="03"
9/30/2025 21:28:54[logT:OUT]:	registry: read cached string data: Color="03"
9/30/2025 21:28:55[logT:OUT]:	registry: read cached string data: Color="03"
9/30/2025 21:28:55[logT:OUT]:	registry: read cached string data: Color="03"
9/30/2025 21:28:55[logT:OUT]:	registry: read cached string data: Color="03"
9/30/2025 21:28:56[logT:OUT]:	registry: read cached string data: Color="03"
9/30/2025 21:28:57[logT:OUT]:	registry: read cached string data: Color="03"
9/30/2025 21:28:59[logT:INTURRUPT]:	Recived signal inturrupt: SIGTERM
9/30/2025 21:28:59[logT:OUT]:	Stack end

9/30/2025 21:28:59[logT:OUT]:	registry: flushed cache
10/3/2025 20:09:22[logT:OUT]:	Stack begin
10/3/2025 20:09:22[logT:OUT]:	SomeTerminalGame Version 1.7.9.4.test_build codename "Return" build 54698 - Compiled Sat Sep 13 21:00:42 2025 local time (1757797577 unix time) with MSVC Version 19.44.5214
10/3/2025 20:09:22[logT:OUT]:	registry: write cached string data: Color="03"
10/3/2025 20:09:22[logT:OUT]:	registry: read REG_SZ: REGISTRY\HKEY_CURRENT_USER\Software\SomeTerminalGame\Color="03"
10/3/2025 20:09:22[logT:OUT]:	registry: read REG_DWORD: REGISTRY\HKEY_CURRENT_USER\Software\SomeTerminalGame\SuppressSplashMessage=0
10/3/2025 20:09:22[logT:OUT]:	registry: read REG_DWORD: REGISTRY\HKEY_CURRENT_USER\Software\SomeTerminalGame\DumpstackOnCrash=1
10/3/2025 20:09:22[logT:OUT]:	registry: read REG_DWORD: REGISTRY\HKEY_CURRENT_USER\Software\SomeTerminalGame\alwaysDebug=1
10/3/2025 20:09:22[logT:OUT]:	Startup finished!
10/3/2025 20:09:22[logT:OUT]:	using debug console
10/3/2025 20:09:24[logT:OUT]:	registry: read cached string data: Color="03"
10/3/2025 20:09:27[logT:OUT]:	Stack begin
10/3/2025 20:09:27[logT:OUT]:	SomeTerminalGame Version 1.7.9.4.test_build codename "Return" build 54698 - Compiled Sat Sep 13 21:00:42 2025 local time (1757797577 unix time) with MSVC Version 19.44.5214
10/3/2025 20:09:27[logT:OUT]:	registry: write cached string data: Color="03"
10/3/2025 20:09:27[logT:OUT]:	registry: read REG_SZ: REGISTRY\HKEY_CURRENT_USER\Software\SomeTerminalGame\Color="03"
10/3/2025 20:09:27[logT:OUT]:	registry: read REG_DWORD: REGISTRY\HKEY_CURRENT_USER\Software\SomeTerminalGame\SuppressSplashMessage=0
10/3/2025 20:09:27[logT:OUT]:	registry: read REG_DWORD: REGISTRY\HKEY_CURRENT_USER\Software\SomeTerminalGame\DumpstackOnCrash=1
10/3/2025 20:09:27[logT:OUT]:	registry: read REG_DWORD: REGISTRY\HKEY_CURRENT_USER\Software\SomeTerminalGame\alwaysDebug=1
10/3/2025 20:09:27[logT:OUT]:	Startup finished!
10/3/2025 20:09:27[logT:OUT]:	using debug console
10/3/2025 20:09:29[logT:OUT]:	registry: read cached string data: Color="03"
10/3/2025 20:09:29[logT:OUT]:	registry: read cached string data: Color="03"
10/3/2025 20:09:30[logT:OUT]:	registry: read cached string data: Color="03"
10/3/2025 20:09:30[logT:OUT]:	registry: read cached string data: Color="03"
10/3/2025 20:09:31[logT:OUT]:	registry: read cached string data: Color="03"
10/3/2025 20:09:31[logT:OUT]:	registry: read cached string data: Color="03"
10/3/2025 20:09:31[logT:OUT]:	registry: read cached string data: Color="03"
10/3/2025 20:09:32[logT:OUT]:	registry: read cached string data: Color="03"
10/3/2025 20:16:23[logT:OUT]:	Stack end

10/3/2025 20:16:23[logT:OUT]:	registry: flushed cache
10/7/2025 08:14:38[logT:OUT]:	Stack begin
10/7/2025 08:14:38[logT:OUT]:	SomeTerminalGame Version 1.7.9.4.test_build codename "Return" build 54698 - Compiled Sat Sep 13 21:00:42 2025 local time (1757797577 unix time) with MSVC Version 19.44.5214
10/7/2025 08:14:38[logT:OUT]:	registry: write cached string data: Color="03"
10/7/2025 08:14:38[logT:OUT]:	registry: read REG_SZ: REGISTRY\HKEY_CURRENT_USER\Software\SomeTerminalGame\Color="03"
10/7/2025 08:14:38[logT:OUT]:	registry: read REG_DWORD: REGISTRY\HKEY_CURRENT_USER\Software\SomeTerminalGame\SuppressSplashMessage=0
10/7/2025 08:14:38[logT:OUT]:	registry: read REG_DWORD: REGISTRY\HKEY_CURRENT_USER\Software\SomeTerminalGame\DumpstackOnCrash=1
10/7/2025 08:14:38[logT:OUT]:	registry: read REG_DWORD: REGISTRY\HKEY_CURRENT_USER\Software\SomeTerminalGame\alwaysDebug=1
10/7/2025 08:14:38[logT:OUT]:	Startup finished!
10/7/2025 08:14:38[logT:OUT]:	using debug console
10/7/2025 08:14:44[logT:OUT]:	Stack begin
10/7/2025 08:14:44[logT:OUT]:	SomeTerminalGame Version 1.7.9.4.test_build codename "Return" build 54698 - Compiled Sat Sep 13 21:00:42 2025 local time (1757797577 unix time) with MSVC Version 19.44.5214
10/7/2025 08:14:44[logT:OUT]:	registry: write cached string data: Color="03"
10/7/2025 08:14:44[logT:OUT]:	registry: read REG_SZ: REGISTRY\HKEY_CURRENT_USER\Software\SomeTerminalGame\Color="03"
10/7/2025 08:14:44[logT:OUT]:	registry: read REG_DWORD: REGISTRY\HKEY_CURRENT_USER\Software\SomeTerminalGame\SuppressSplashMessage=0
10/7/2025 08:14:44[logT:OUT]:	registry: read REG_DWORD: REGISTRY\HKEY_CURRENT_USER\Software\SomeTerminalGame\DumpstackOnCrash=1
10/7/2025 08:14:44[logT:OUT]:	registry: read REG_DWORD: REGISTRY\HKEY_CURRENT_USER\Software\SomeTerminalGame\alwaysDebug=1
10/7/2025 08:14:44[logT:OUT]:	Startup finished!
10/7/2025 08:14:44[logT:OUT]:	using debug console
10/7/2025 08:14:51[logT:OUT]:	Stack begin
10/7/2025 08:14:51[logT:OUT]:	SomeTerminalGame Version 1.7.9.4.test_build codename "Return" build 54698 - Compiled Sat Sep 13 21:00:42 2025 local time (1757797577 unix time) with MSVC Version 19.44.5214
10/7/2025 08:14:51[logT:OUT]:	registry: write cached string data: Color="03"
10/7/2025 08:14:51[logT:OUT]:	registry: read REG_SZ: REGISTRY\HKEY_CURRENT_USER\Software\SomeTerminalGame\Color="03"
10/7/2025 08:14:51[logT:OUT]:	registry: read REG_DWORD: REGISTRY\HKEY_CURRENT_USER\Software\SomeTerminalGame\SuppressSplashMessage=0
10/7/2025 08:14:51[logT:OUT]:	registry: read REG_DWORD: REGISTRY\HKEY_CURRENT_USER\Software\SomeTerminalGame\DumpstackOnCrash=1
10/7/2025 08:14:51[logT:OUT]:	registry: read REG_DWORD: REGISTRY\HKEY_CURRENT_USER\Software\SomeTerminalGame\alwaysDebug=1
10/7/2025 08:14:51[logT:OUT]:	Startup finished!
10/7/2025 08:14:51[logT:OUT]:	using debug console
10/7/2025 08:14:53[logT:FATAL]:	Fatal error initated. See FATAL.log for more information.
10/7/2025 08:15:31[logT:EXIT]:	Fatal exit for SomeTerminalGame Version 1.7.9.4.test_build codename "Return" build 54698 - Compiled Sat Sep 13 21:00:42 2025 local time (1757797577 unix time) with MSVC Version 19.44.5214 located at D:\Personal\C\some_terminal_game\src\bin

10/7/2025 13:06:27[logT:OUT]:	Stack begin
10/7/2025 13:06:27[logT:OUT]:	SomeTerminalGame Version 1.7.9.4.test_build codename "Return" build 54698 - Compiled Sat Sep 13 21:00:42 2025 local time (1757797577 unix time) with MSVC Version 19.44.5214
10/7/2025 13:06:27[logT:OUT]:	registry: write cached string data: Color="03"
10/7/2025 13:06:27[logT:OUT]:	registry: read REG_SZ: REGISTRY\HKEY_CURRENT_USER\Software\SomeTerminalGame\Color="03"
10/7/2025 13:06:27[logT:OUT]:	registry: read REG_DWORD: REGISTRY\HKEY_CURRENT_USER\Software\SomeTerminalGame\SuppressSplashMessage=0
10/7/2025 13:06:27[logT:OUT]:	registry: read REG_DWORD: REGISTRY\HKEY_CURRENT_USER\Software\SomeTerminalGame\DumpstackOnCrash=1
10/7/2025 13:06:27[logT:OUT]:	registry: read REG_DWORD: REGISTRY\HKEY_CURRENT_USER\Software\SomeTerminalGame\alwaysDebug=1
10/7/2025 13:06:28[logT:OUT]:	Startup finished!
10/7/2025 13:06:28[logT:OUT]:	registry: read cached string data: Color="03"
10/7/2025 13:06:30[logT:INTURRUPT]:	Recived signal inturrupt: SIGTERM
10/7/2025 13:06:30[logT:OUT]:	Stack end

10/7/2025 13:06:30[logT:OUT]:	registry: flushed cache
